// Jest Snapshot v1, https://goo.gl/fbAQLP

exports[`should render component 1`] = `
<div>
  <div
    class="govuk-summary-list__row"
  >
    <dt
      class="govuk-summary-list__key"
    >
      Label name
    </dt>
    <dd
      class="govuk-summary-list__value"
    >
      Label value
    </dd>
  </div>
</div>
`;
