// Jest Snapshot v1, https://goo.gl/fbAQLP

exports[`should render summary component and its items 1`] = `
<div>
  <a
    class="govuk-back-link"
    href="/dummy-path-1/dummy-path-2"
  >
    Back
  </a>
</div>
`;
