// Jest Snapshot v1, https://goo.gl/fbAQLP

exports[`should render the component and match the snapshot when there are messages 1`] = `
<div>
  <div
    class="govuk-grid-row"
  >
    <div
      class="govuk-grid-column-full"
    >
      <p
        class="govuk-body"
      >
        <time
          aria-label="time"
          class="govuk-!-font-weight-bold govuk-!-font-size-16"
          title="28 September 2021 10:12"
        >
          28 September 2021
        </time>
        <br />
        Message 1
      </p>
    </div>
  </div>
  <div
    class="govuk-grid-row"
  >
    <div
      class="govuk-grid-column-full"
    >
      <p
        class="govuk-body"
      >
        <time
          aria-label="time"
          class="govuk-!-font-weight-bold govuk-!-font-size-16"
          title="29 September 2021 11:14"
        >
          29 September 2021
        </time>
        <br />
        Message 2
      </p>
    </div>
  </div>
  <div
    class="govuk-grid-row"
  >
    <div
      class="govuk-grid-column-full"
    >
      <p
        class="govuk-body"
      >
        <time
          aria-label="time"
          class="govuk-!-font-weight-bold govuk-!-font-size-16"
          title="30 September 2021 17:45"
        >
          30 September 2021
        </time>
        <br />
        Message 3
      </p>
    </div>
  </div>
</div>
`;

exports[`should render the component and match the snapshot when there are no messages 1`] = `
<div>
  <p
    class="govuk-body"
  >
    There are no service messages to display.
  </p>
</div>
`;
