// Jest Snapshot v1, https://goo.gl/fbAQLP

exports[`should render component when attributes are correctly set 1`] = `
<div>
  <div
    aria-labelledby="govuk-notification-banner-title"
    class="govuk-notification-banner govuk-notification-banner--success"
    data-module="govuk-notification-banner"
    role="alert"
  >
    <div
      class="govuk-notification-banner__header"
    >
      <h2
        class="govuk-notification-banner__title"
        id="govuk-notification-banner-title"
      >
        Success
      </h2>
    </div>
    <div
      class="govuk-notification-banner__content"
    >
      <h3
        class="govuk-notification-banner__heading"
      >
        This is a success message
      </h3>
    </div>
  </div>
</div>
`;
