// Jest Snapshot v1, https://goo.gl/fbAQLP

exports[`should generate the email subject and body 1`] = `"Sign in to Bichard"`;

exports[`should generate the email subject and body 2`] = `
"Sign in to Bichard

In order to sign in to Bichard, you need to confirm your email address. Please confirm your email address by clicking the link below.

http://localhost:3000/login/verify?token=DUMMY_TOKEN

If you didn't request this email, you can safely ignore it.
"
`;

exports[`should generate the email subject and body 3`] = `"<html lang=\\"en\\"><head><meta http-equiv=\\"Content-Type\\" content=\\"text/html; charset=UTF-8\\"/><title>Sign in to Bichard</title></head><body><table style=\\"background-color:#f3f2f1;margin:0;padding:30px;width:100%\\"><tr></tr><tr><td style=\\"background-color:#ffffff;border:1px solid;border-color:#b1b4b6;clear:both;display:block !important;margin:0 auto;max-width:600px !important;padding:30px;vertical-align:top\\" valign=\\"top\\" width=\\"600\\"><h1 style=\\"color:#0b0c0c;font-family:Arial, sans-serif;font-size:48px;line-height:50px;margin-bottom:50px\\">Sign in to Bichard</h1><p style=\\"color:#0b0c0c;font-family:Arial, sans-serif;font-size:19px;line-height:25px;margin-bottom:20px\\">In order to sign in to Bichard, you need to confirm your email address. Please confirm your email address by clicking the button below.</p><p style=\\"color:#0b0c0c;font-family:Arial, sans-serif;font-size:19px;line-height:25px;margin-bottom:20px\\">If you didn&#x27;t request this email, you can safely ignore it.</p><a href=\\"http://localhost:3000/login/verify?token=DUMMY_TOKEN\\" style=\\"background-color:#00703c;color:#ffffff;cursor:pointer;display:inline-block;font-family:Arial, sans-serif;font-size:19px;line-height:19px;padding:8px 10px 7px 10px;text-align:center;text-decoration:none\\">Sign in</a><p style=\\"color:#505a5f;font-family:Arial, sans-serif;font-size:14px;line-height:16px;margin-bottom:16px;margin-top:50px\\">If youâ€™re having trouble clicking the button, copy and paste the URL below into your web browser:</p><p style=\\"color:#505a5f;font-family:Arial, sans-serif;font-size:14px;line-height:16px;margin-bottom:16px;margin:0\\"><a href=\\"http://localhost:3000/login/verify?token=DUMMY_TOKEN\\" style=\\"color:#505a5f;font-family:Arial, sans-serif;font-size:14px;line-height:16px;margin-bottom:16px\\">http://localhost:3000/login/verify?token=DUMMY_TOKEN</a></p></td></tr><tr></tr></table></body></html>"`;
